MPLINK 5.09, LINKER
Linker Map File - Created Thu Nov 03 12:18:23 2022

                                 Section Info
                  Section       Type    Address   Location Size(Bytes)
                ---------  ---------  ---------  ---------  ---------
                   .org_0       code   0x000000    program   0x000002
                   .cinit    romdata   0x000001    program   0x000004
                   .org_1       code   0x000004    program   0x000124
.config_8007_BUILD/DEFAULT/PRODUCTION/ZAKLAD.       code   0x008007    program   0x000002
.config_8008_BUILD/DEFAULT/PRODUCTION/ZAKLAD.       code   0x008008    program   0x000002



                              Program Memory Usage 
                               Start         End      
                           ---------   ---------      
                            0x000000    0x000002      
                            0x000004    0x000095      
                            0x008007    0x008008      
            151 out of 4103 program addresses used, program memory utilization is 3%



                              Symbols - Sorted by Name
                     Name    Address   Location    Storage File                     
                ---------  ---------  ---------  --------- ---------                
                     BT2H   0x000027    program     static C:\School\Ing\1\ARP\CV6.X\CV6.X\Zaklad.asm
                     BT2L   0x00001f    program     static C:\School\Ing\1\ARP\CV6.X\CV6.X\Zaklad.asm
                  Bin2Bcd   0x00005a    program     static C:\School\Ing\1\ARP\CV6.X\CV6.X\Display.inc
                    Bloop   0x00001e    program     static C:\School\Ing\1\ARP\CV6.X\CV6.X\Zaklad.asm
                 Byte2Seg   0x000079    program     static C:\School\Ing\1\ARP\CV6.X\CV6.X\Display.inc
               Config_IOs   0x00002d    program     static C:\School\Ing\1\ARP\CV6.X\CV6.X\Config_IOs.inc
               Config_SPI   0x000040    program     static C:\School\Ing\1\ARP\CV6.X\CV6.X\Display.inc
                     Loop   0x00000d    program     static C:\School\Ing\1\ARP\CV6.X\CV6.X\Zaklad.asm
                     Main   0x00000c    program     static C:\School\Ing\1\ARP\CV6.X\CV6.X\Zaklad.asm
               SendByte7S   0x00008b    program     static C:\School\Ing\1\ARP\CV6.X\CV6.X\Display.inc
                   ShLoop   0x000065    program     static C:\School\Ing\1\ARP\CV6.X\CV6.X\Display.inc
                    Start   0x000006    program     static C:\School\Ing\1\ARP\CV6.X\CV6.X\Zaklad.asm
             _.org_1_0028   0x000028    program     static C:\School\Ing\1\ARP\CV6.X\CV6.X\Zaklad.asm
             _.org_1_004A   0x00004a    program     static C:\School\Ing\1\ARP\CV6.X\CV6.X\Display.inc
             _.org_1_004F   0x00004f    program     static C:\School\Ing\1\ARP\CV6.X\CV6.X\Display.inc
             _.org_1_0054   0x000054    program     static C:\School\Ing\1\ARP\CV6.X\CV6.X\Display.inc
             _.org_1_0090   0x000090    program     static C:\School\Ing\1\ARP\CV6.X\CV6.X\Display.inc



                              Symbols - Sorted by Address
                     Name    Address   Location    Storage File                     
                ---------  ---------  ---------  --------- ---------                
                    Start   0x000006    program     static C:\School\Ing\1\ARP\CV6.X\CV6.X\Zaklad.asm
                     Main   0x00000c    program     static C:\School\Ing\1\ARP\CV6.X\CV6.X\Zaklad.asm
                     Loop   0x00000d    program     static C:\School\Ing\1\ARP\CV6.X\CV6.X\Zaklad.asm
                    Bloop   0x00001e    program     static C:\School\Ing\1\ARP\CV6.X\CV6.X\Zaklad.asm
                     BT2L   0x00001f    program     static C:\School\Ing\1\ARP\CV6.X\CV6.X\Zaklad.asm
                     BT2H   0x000027    program     static C:\School\Ing\1\ARP\CV6.X\CV6.X\Zaklad.asm
             _.org_1_0028   0x000028    program     static C:\School\Ing\1\ARP\CV6.X\CV6.X\Zaklad.asm
               Config_IOs   0x00002d    program     static C:\School\Ing\1\ARP\CV6.X\CV6.X\Config_IOs.inc
               Config_SPI   0x000040    program     static C:\School\Ing\1\ARP\CV6.X\CV6.X\Display.inc
             _.org_1_004A   0x00004a    program     static C:\School\Ing\1\ARP\CV6.X\CV6.X\Display.inc
             _.org_1_004F   0x00004f    program     static C:\School\Ing\1\ARP\CV6.X\CV6.X\Display.inc
             _.org_1_0054   0x000054    program     static C:\School\Ing\1\ARP\CV6.X\CV6.X\Display.inc
                  Bin2Bcd   0x00005a    program     static C:\School\Ing\1\ARP\CV6.X\CV6.X\Display.inc
                   ShLoop   0x000065    program     static C:\School\Ing\1\ARP\CV6.X\CV6.X\Display.inc
                 Byte2Seg   0x000079    program     static C:\School\Ing\1\ARP\CV6.X\CV6.X\Display.inc
               SendByte7S   0x00008b    program     static C:\School\Ing\1\ARP\CV6.X\CV6.X\Display.inc
             _.org_1_0090   0x000090    program     static C:\School\Ing\1\ARP\CV6.X\CV6.X\Display.inc


