MPLINK 5.09, LINKER
Linker Map File - Created Thu Nov 24 12:06:18 2022

                                 Section Info
                  Section       Type    Address   Location Size(Bytes)
                ---------  ---------  ---------  ---------  ---------
                   .org_0       code   0x000000    program   0x000002
                   .cinit    romdata   0x000001    program   0x000004
                   .org_1       code   0x000004    program   0x0000a8
.config_8007_BUILD/DEFAULT/PRODUCTION/ZAKLAD.       code   0x008007    program   0x000002
.config_8008_BUILD/DEFAULT/PRODUCTION/ZAKLAD.       code   0x008008    program   0x000002



                              Program Memory Usage 
                               Start         End      
                           ---------   ---------      
                            0x000000    0x000002      
                            0x000004    0x000057      
                            0x008007    0x008008      
            89 out of 4103 program addresses used, program memory utilization is 2%



                              Symbols - Sorted by Name
                     Name    Address   Location    Storage File                     
                ---------  ---------  ---------  --------- ---------                
               Config_IOs   0x000045    program     static C:\School\Ing\1\ARP\CV8.X\CV8.X\Config_IOs.inc
                     Main   0x000016    program     static C:\School\Ing\1\ARP\CV8.X\CV8.X\Zaklad.asm
                 SendChar   0x00003f    program     static C:\School\Ing\1\ARP\CV8.X\CV8.X\Zaklad.asm
                    Start   0x000006    program     static C:\School\Ing\1\ARP\CV8.X\CV8.X\Zaklad.asm
             _.org_1_0018   0x000018    program     static C:\School\Ing\1\ARP\CV8.X\CV8.X\Zaklad.asm
             _.org_1_003D   0x00003d    program     static C:\School\Ing\1\ARP\CV8.X\CV8.X\Zaklad.asm
             _.org_1_0042   0x000042    program     static C:\School\Ing\1\ARP\CV8.X\CV8.X\Zaklad.asm



                              Symbols - Sorted by Address
                     Name    Address   Location    Storage File                     
                ---------  ---------  ---------  --------- ---------                
                    Start   0x000006    program     static C:\School\Ing\1\ARP\CV8.X\CV8.X\Zaklad.asm
                     Main   0x000016    program     static C:\School\Ing\1\ARP\CV8.X\CV8.X\Zaklad.asm
             _.org_1_0018   0x000018    program     static C:\School\Ing\1\ARP\CV8.X\CV8.X\Zaklad.asm
             _.org_1_003D   0x00003d    program     static C:\School\Ing\1\ARP\CV8.X\CV8.X\Zaklad.asm
                 SendChar   0x00003f    program     static C:\School\Ing\1\ARP\CV8.X\CV8.X\Zaklad.asm
             _.org_1_0042   0x000042    program     static C:\School\Ing\1\ARP\CV8.X\CV8.X\Zaklad.asm
               Config_IOs   0x000045    program     static C:\School\Ing\1\ARP\CV8.X\CV8.X\Config_IOs.inc


