MPLINK 5.09, LINKER
Linker Map File - Created Thu Dec 15 12:31:36 2022

                                 Section Info
                  Section       Type    Address   Location Size(Bytes)
                ---------  ---------  ---------  ---------  ---------
                   .org_0       code   0x000000    program   0x000002
                   .cinit    romdata   0x000001    program   0x000004
                   .org_1       code   0x000004    program   0x0000ec
.config_8007_BUILD/DEFAULT/PRODUCTION/SEM16.O       code   0x008007    program   0x000002
.config_8008_BUILD/DEFAULT/PRODUCTION/SEM16.O       code   0x008008    program   0x000002



                              Program Memory Usage 
                               Start         End      
                           ---------   ---------      
                            0x000000    0x000002      
                            0x000004    0x000079      
                            0x008007    0x008008      
            123 out of 4103 program addresses used, program memory utilization is 2%



                              Symbols - Sorted by Name
                     Name    Address   Location    Storage File                     
                ---------  ---------  ---------  --------- ---------                
                   BT2Int   0x000009    program     static C:\School\Ing\TUL_Ing\1\Winter\ARP\Sem16.X\Sem16.asm
               Config_IOs   0x000067    program     static C:\School\Ing\TUL_Ing\1\Winter\ARP\Sem16.X\Config_IOs.inc
                    DecSt   0x000012    program     static C:\School\Ing\TUL_Ing\1\Winter\ARP\Sem16.X\Sem16.asm
                   FrChng   0x000019    program     static C:\School\Ing\TUL_Ing\1\Winter\ARP\Sem16.X\Sem16.asm
                    IncSt   0x00000b    program     static C:\School\Ing\TUL_Ing\1\Winter\ARP\Sem16.X\Sem16.asm
                     Main   0x000065    program     static C:\School\Ing\TUL_Ing\1\Winter\ARP\Sem16.X\Sem16.asm
                  MainEnd   0x000040    program     static C:\School\Ing\TUL_Ing\1\Winter\ARP\Sem16.X\Sem16.asm
                      St1   0x00001c    program     static C:\School\Ing\TUL_Ing\1\Winter\ARP\Sem16.X\Sem16.asm
                      St2   0x000025    program     static C:\School\Ing\TUL_Ing\1\Winter\ARP\Sem16.X\Sem16.asm
                      St3   0x00002e    program     static C:\School\Ing\TUL_Ing\1\Winter\ARP\Sem16.X\Sem16.asm
                      St4   0x000037    program     static C:\School\Ing\TUL_Ing\1\Winter\ARP\Sem16.X\Sem16.asm
                    Start   0x000043    program     static C:\School\Ing\TUL_Ing\1\Winter\ARP\Sem16.X\Sem16.asm



                              Symbols - Sorted by Address
                     Name    Address   Location    Storage File                     
                ---------  ---------  ---------  --------- ---------                
                   BT2Int   0x000009    program     static C:\School\Ing\TUL_Ing\1\Winter\ARP\Sem16.X\Sem16.asm
                    IncSt   0x00000b    program     static C:\School\Ing\TUL_Ing\1\Winter\ARP\Sem16.X\Sem16.asm
                    DecSt   0x000012    program     static C:\School\Ing\TUL_Ing\1\Winter\ARP\Sem16.X\Sem16.asm
                   FrChng   0x000019    program     static C:\School\Ing\TUL_Ing\1\Winter\ARP\Sem16.X\Sem16.asm
                      St1   0x00001c    program     static C:\School\Ing\TUL_Ing\1\Winter\ARP\Sem16.X\Sem16.asm
                      St2   0x000025    program     static C:\School\Ing\TUL_Ing\1\Winter\ARP\Sem16.X\Sem16.asm
                      St3   0x00002e    program     static C:\School\Ing\TUL_Ing\1\Winter\ARP\Sem16.X\Sem16.asm
                      St4   0x000037    program     static C:\School\Ing\TUL_Ing\1\Winter\ARP\Sem16.X\Sem16.asm
                  MainEnd   0x000040    program     static C:\School\Ing\TUL_Ing\1\Winter\ARP\Sem16.X\Sem16.asm
                    Start   0x000043    program     static C:\School\Ing\TUL_Ing\1\Winter\ARP\Sem16.X\Sem16.asm
                     Main   0x000065    program     static C:\School\Ing\TUL_Ing\1\Winter\ARP\Sem16.X\Sem16.asm
               Config_IOs   0x000067    program     static C:\School\Ing\TUL_Ing\1\Winter\ARP\Sem16.X\Config_IOs.inc


