MPLINK 5.09, LINKER
Linker Map File - Created Thu Dec 08 12:09:54 2022

                                 Section Info
                  Section       Type    Address   Location Size(Bytes)
                ---------  ---------  ---------  ---------  ---------
                   .org_0       code   0x000000    program   0x000002
                   .cinit    romdata   0x000001    program   0x000004
                   .org_1       code   0x000004    program   0x0000ea
.config_8007_BUILD/DEFAULT/PRODUCTION/SEM16.O       code   0x008007    program   0x000002
.config_8008_BUILD/DEFAULT/PRODUCTION/SEM16.O       code   0x008008    program   0x000002



                              Program Memory Usage 
                               Start         End      
                           ---------   ---------      
                            0x000000    0x000002      
                            0x000004    0x000078      
                            0x008007    0x008008      
            122 out of 4103 program addresses used, program memory utilization is 2%



                              Symbols - Sorted by Name
                     Name    Address   Location    Storage File                     
                ---------  ---------  ---------  --------- ---------                
                   BT2Int   0x00003e    program     static C:\School\Ing\1\ARP\RSKO\Sem16.X\Sem16.asm
               Config_IOs   0x000066    program     static C:\School\Ing\1\ARP\RSKO\Sem16.X\Config_IOs.inc
                 Delay100   0x00005c    program     static C:\School\Ing\1\ARP\RSKO\Sem16.X\Sem16.asm
                 Delay_ms   0x00005d    program     static C:\School\Ing\1\ARP\RSKO\Sem16.X\Sem16.asm
                     Main   0x000020    program     static C:\School\Ing\1\ARP\RSKO\Sem16.X\Sem16.asm
                    OutLp   0x00005e    program     static C:\School\Ing\1\ARP\RSKO\Sem16.X\Sem16.asm
                    Start   0x000006    program     static C:\School\Ing\1\ARP\RSKO\Sem16.X\Sem16.asm
             _.org_1_0026   0x000026    program     static C:\School\Ing\1\ARP\RSKO\Sem16.X\Sem16.asm
             _.org_1_002D   0x00002d    program     static C:\School\Ing\1\ARP\RSKO\Sem16.X\Sem16.asm
             _.org_1_0034   0x000034    program     static C:\School\Ing\1\ARP\RSKO\Sem16.X\Sem16.asm
             _.org_1_0044   0x000044    program     static C:\School\Ing\1\ARP\RSKO\Sem16.X\Sem16.asm
             _.org_1_004B   0x00004b    program     static C:\School\Ing\1\ARP\RSKO\Sem16.X\Sem16.asm
             _.org_1_0052   0x000052    program     static C:\School\Ing\1\ARP\RSKO\Sem16.X\Sem16.asm
             _.org_1_0062   0x000062    program     static C:\School\Ing\1\ARP\RSKO\Sem16.X\Sem16.asm



                              Symbols - Sorted by Address
                     Name    Address   Location    Storage File                     
                ---------  ---------  ---------  --------- ---------                
                    Start   0x000006    program     static C:\School\Ing\1\ARP\RSKO\Sem16.X\Sem16.asm
                     Main   0x000020    program     static C:\School\Ing\1\ARP\RSKO\Sem16.X\Sem16.asm
             _.org_1_0026   0x000026    program     static C:\School\Ing\1\ARP\RSKO\Sem16.X\Sem16.asm
             _.org_1_002D   0x00002d    program     static C:\School\Ing\1\ARP\RSKO\Sem16.X\Sem16.asm
             _.org_1_0034   0x000034    program     static C:\School\Ing\1\ARP\RSKO\Sem16.X\Sem16.asm
                   BT2Int   0x00003e    program     static C:\School\Ing\1\ARP\RSKO\Sem16.X\Sem16.asm
             _.org_1_0044   0x000044    program     static C:\School\Ing\1\ARP\RSKO\Sem16.X\Sem16.asm
             _.org_1_004B   0x00004b    program     static C:\School\Ing\1\ARP\RSKO\Sem16.X\Sem16.asm
             _.org_1_0052   0x000052    program     static C:\School\Ing\1\ARP\RSKO\Sem16.X\Sem16.asm
                 Delay100   0x00005c    program     static C:\School\Ing\1\ARP\RSKO\Sem16.X\Sem16.asm
                 Delay_ms   0x00005d    program     static C:\School\Ing\1\ARP\RSKO\Sem16.X\Sem16.asm
                    OutLp   0x00005e    program     static C:\School\Ing\1\ARP\RSKO\Sem16.X\Sem16.asm
             _.org_1_0062   0x000062    program     static C:\School\Ing\1\ARP\RSKO\Sem16.X\Sem16.asm
               Config_IOs   0x000066    program     static C:\School\Ing\1\ARP\RSKO\Sem16.X\Config_IOs.inc


